2026-08-25T08:08:14Z AUTH sshd: INFO: User kmensah logged in successfully from local IP 192.168.10.45
2026-08-25T08:08:14Z APPLICATION ExchangeMail: INFO: Session cookie generated token_id=GAC-993821-X3 user=kmensah
2026-08-25T08:14:48Z APPLICATION ExchangeMail: INFO: Keep-alive check completed token_id=GAC-993821-X3 user=kmensah
2026-08-25T08:24:26Z APPLICATION ExchangeMail: INFO: Keep-alive check completed token_id=GAC-993821-X3 user=kmensah
2026-08-25T08:31:00Z APPLICATION ExchangeMail: INFO: Keep-alive check completed token_id=GAC-993821-X3 user=kmensah
2026-08-25T08:38:09Z SYSTEM cron: INFO: Periodic system health check completed successfully status=0
2026-08-25T08:43:55Z APPLICATION ExchangeMail: INFO: Keep-alive check completed token_id=GAC-993821-X3 user=kmensah
2026-08-25T08:49:50Z APPLICATION ExchangeMail: INFO: Keep-alive check completed token_id=GAC-993821-X3 user=kmensah
2026-08-25T08:58:39Z APPLICATION ExchangeMail: INFO: Keep-alive check completed token_id=GAC-993821-X3 user=kmensah
2026-08-25T09:05:40Z APPLICATION ExchangeMail: INFO: Keep-alive check completed token_id=GAC-993821-X3 user=kmensah
2026-08-25T09:15:37Z SYSTEM cron: INFO: Periodic system health check completed successfully status=0
2026-08-25T09:21:49Z APPLICATION ExchangeMail: INFO: Keep-alive check completed token_id=GAC-993821-X3 user=kmensah
2026-08-25T09:28:44Z APPLICATION ExchangeMail: INFO: Keep-alive check completed token_id=GAC-993821-X3 user=kmensah
2026-08-25T09:37:37Z APPLICATION ExchangeMail: INFO: Keep-alive check completed token_id=GAC-993821-X3 user=kmensah
2026-08-25T09:47:04Z APPLICATION ExchangeMail: INFO: Keep-alive check completed token_id=GAC-993821-X3 user=kmensah
2026-08-25T09:56:56Z SYSTEM cron: INFO: Periodic system health check completed successfully status=0
2026-08-25T10:04:19Z APPLICATION ExchangeMail: INFO: Keep-alive check completed token_id=GAC-993821-X3 user=kmensah
2026-08-25T10:09:43Z APPLICATION ExchangeMail: INFO: Keep-alive check completed token_id=GAC-993821-X3 user=kmensah
2026-08-25T10:15:58Z APPLICATION ExchangeMail: INFO: Keep-alive check completed token_id=GAC-993821-X3 user=kmensah
2026-08-25T10:24:24Z APPLICATION ExchangeMail: INFO: Keep-alive check completed token_id=GAC-993821-X3 user=kmensah
2026-08-25T10:33:57Z SYSTEM cron: INFO: Periodic system health check completed successfully status=0
2026-08-25T10:41:25Z APPLICATION ExchangeMail: INFO: Keep-alive check completed token_id=GAC-993821-X3 user=kmensah
2026-08-25T10:51:19Z APPLICATION ExchangeMail: INFO: Keep-alive check completed token_id=GAC-993821-X3 user=kmensah
2026-08-25T10:57:33Z APPLICATION ExchangeMail: INFO: Keep-alive check completed token_id=GAC-993821-X3 user=kmensah
2026-08-25T11:06:57Z APPLICATION ExchangeMail: INFO: Keep-alive check completed token_id=GAC-993821-X3 user=kmensah
2026-08-25T11:15:38Z SYSTEM cron: INFO: Periodic system health check completed successfully status=0
2026-08-25T11:30:15Z SYSTEM WinRM: WARNING: Cleartext web authorization header payload transmitted over WAN out of host 192.168.10.45
2026-08-25T11:41:52Z SYSTEM cron: INFO: Periodic system health check completed successfully status=0
2026-08-25T11:51:30Z APPLICATION ExchangeMail: INFO: Session heartbeat status=ACTIVE token_id=GAC-993821-X3
2026-08-25T12:01:21Z APPLICATION ExchangeMail: INFO: Session heartbeat status=ACTIVE token_id=GAC-993821-X3
2026-08-25T12:09:44Z APPLICATION ExchangeMail: INFO: Session heartbeat status=ACTIVE token_id=GAC-993821-X3
2026-08-25T12:20:13Z SYSTEM cron: INFO: Periodic system health check completed successfully status=0
2026-08-25T12:30:13Z APPLICATION ExchangeMail: INFO: Session heartbeat status=ACTIVE token_id=GAC-993821-X3
2026-08-25T12:39:13Z APPLICATION ExchangeMail: INFO: Session heartbeat status=ACTIVE token_id=GAC-993821-X3
2026-08-25T12:50:52Z APPLICATION ExchangeMail: INFO: Session heartbeat status=ACTIVE token_id=GAC-993821-X3
2026-08-25T13:00:23Z SYSTEM cron: INFO: Periodic system health check completed successfully status=0
2026-08-25T13:10:48Z APPLICATION ExchangeMail: INFO: Session heartbeat status=ACTIVE token_id=GAC-993821-X3
2026-08-25T13:19:10Z APPLICATION ExchangeMail: INFO: Session heartbeat status=ACTIVE token_id=GAC-993821-X3
2026-08-25T13:28:43Z APPLICATION ExchangeMail: INFO: Session heartbeat status=ACTIVE token_id=GAC-993821-X3
2026-08-25T13:38:09Z SYSTEM cron: INFO: Periodic system health check completed successfully status=0
2026-08-25T13:48:47Z APPLICATION ExchangeMail: INFO: Session heartbeat status=ACTIVE token_id=GAC-993821-X3
2026-08-25T13:58:39Z APPLICATION ExchangeMail: INFO: Session heartbeat status=ACTIVE token_id=GAC-993821-X3
2026-08-25T14:22:05Z APPLICATION ExchangeMail: WARNING: Active session token GAC-993821-X3 accessed concurrently by foreign host 45.138.99.12
2026-08-25T14:26:10Z APPLICATION ExchangeMail: INFO: Administrative settings modified for user kmensah.
2026-08-25T14:26:11Z APPLICATION ExchangeMail: SECURITY: Mail routing rule added 'Forward matching "invoice;payment;GHS" to external_billing_vault@secure-mail.com'
2026-08-25T14:31:10Z APPLICATION ExchangeMail: INFO: Active sync verification processing token_id=GAC-993821-X3
2026-08-25T14:38:10Z APPLICATION ExchangeMail: INFO: Active sync verification processing token_id=GAC-993821-X3
2026-08-25T14:44:10Z APPLICATION ExchangeMail: INFO: Active sync verification processing token_id=GAC-993821-X3
2026-08-25T14:50:10Z APPLICATION ExchangeMail: INFO: Active sync verification processing token_id=GAC-993821-X3
2026-08-25T14:58:10Z APPLICATION ExchangeMail: INFO: Active sync verification processing token_id=GAC-993821-X3
2026-08-25T15:05:10Z APPLICATION ExchangeMail: INFO: Active sync verification processing token_id=GAC-993821-X3
2026-08-25T15:13:10Z APPLICATION ExchangeMail: INFO: Active sync verification processing token_id=GAC-993821-X3
2026-08-25T15:19:10Z APPLICATION ExchangeMail: INFO: Active sync verification processing token_id=GAC-993821-X3
2026-08-25T15:27:10Z APPLICATION ExchangeMail: INFO: Active sync verification processing token_id=GAC-993821-X3
2026-08-25T15:35:10Z APPLICATION ExchangeMail: INFO: Active sync verification processing token_id=GAC-993821-X3
2026-08-25T15:43:10Z APPLICATION ExchangeMail: INFO: Active sync verification processing token_id=GAC-993821-X3
2026-08-25T15:51:10Z APPLICATION ExchangeMail: INFO: Active sync verification processing token_id=GAC-993821-X3
2026-08-25T15:58:10Z APPLICATION ExchangeMail: INFO: Active sync verification processing token_id=GAC-993821-X3
2026-08-25T16:04:10Z APPLICATION ExchangeMail: INFO: Active sync verification processing token_id=GAC-993821-X3
2026-08-25T16:11:10Z APPLICATION ExchangeMail: INFO: Active sync verification processing token_id=GAC-993821-X3
2026-08-25T16:17:10Z APPLICATION ExchangeMail: INFO: Active sync verification processing token_id=GAC-993821-X3
2026-08-25T16:23:10Z APPLICATION ExchangeMail: INFO: Active sync verification processing token_id=GAC-993821-X3
2026-08-25T16:29:10Z APPLICATION ExchangeMail: INFO: Active sync verification processing token_id=GAC-993821-X3
2026-08-25T16:35:10Z APPLICATION ExchangeMail: INFO: Active sync verification processing token_id=GAC-993821-X3
2026-08-25T16:42:10Z APPLICATION ExchangeMail: INFO: Active sync verification processing token_id=GAC-993821-X3
